// Vitest Snapshot v1

exports[`createClient / Client > passes snapshot 1`] = `
Client2 {
  "createRequestOperation": [Function],
  "executeMutation": [Function],
  "executeQuery": [Function],
  "executeRequestOperation": [Function],
  "executeSubscription": [Function],
  "mutation": [Function],
  "operations$": [Function],
  "query": [Function],
  "readQuery": [Function],
  "reexecuteOperation": [Function],
  "subscribeToDebugTarget": [Function],
  "subscription": [Function],
  "suspense": false,
}
`;
