// Vitest Snapshot v1

exports[`on initial useEffect > initialises default state 1`] = `
{
  "data": undefined,
  "error": undefined,
  "extensions": undefined,
  "fetching": false,
  "operation": undefined,
  "stale": false,
}
`;
